C166 COMPILER V7.57.0, GPT2                                                                08/19/2019 16:33:28 PAGE 1   


C166 COMPILER V7.57.0, COMPILATION OF MODULE GPT2
OBJECT MODULE PLACED IN .\OUTPUT\GPT2.obj
COMPILER INVOKED BY: C:\Program Files (x86)\Keil_v5\C166\BIN\C166.EXE GPT2.c MODV2 BROWSE MODV2 DEBUG PRINT(.\LISTING\GP
                    -T2.lst) TABS(2) OBJECT(.\OUTPUT\GPT2.obj) 

 stmt lvl     source

    1         //****************************************************************************
    2         // @Module        General Purpose Timer Unit (GPT2)
    3         // @Filename      GPT2.c
    4         // @Project       EPS_TestBench_20190620.dav
    5         //----------------------------------------------------------------------------
    6         // @Controller    Infineon XC2365B-40F80
    7         //
    8         // @Compiler      Keil
    9         //
   10         // @Codegenerator 0.2
   11         //
   12         // @Description   This file contains functions that use the GPT2 module.
   13         //
   14         //----------------------------------------------------------------------------
   15         // @Date          2019/8/7 14:58:27
   16         //
   17         //****************************************************************************
   18         
   19         // USER CODE BEGIN (GPT2_General,1)
   20         
   21         // USER CODE END
   22         
   23         
   24         
   25         //****************************************************************************
   26         // @Project Includes
   27         //****************************************************************************
   28         
   29         #include "MAIN.h"
   30         
   31         // USER CODE BEGIN (GPT2_General,2)
   32         
   33         // USER CODE END
   34         
   35         
   36         //****************************************************************************
   37         // @Macros
   38         //****************************************************************************
   39         
   40         // USER CODE BEGIN (GPT2_General,3)
   41         
   42         // USER CODE END
   43         
   44         
   45         //****************************************************************************
   46         // @Defines
   47         //****************************************************************************
   48         
   49         // USER CODE BEGIN (GPT2_General,4)
   50         
   51         // USER CODE END
   52         
   53         
   54         //****************************************************************************
C166 COMPILER V7.57.0, GPT2                                                                08/19/2019 16:33:28 PAGE 2   

   55         // @Typedefs
   56         //****************************************************************************
   57         
   58         // USER CODE BEGIN (GPT2_General,5)
   59         
   60         // USER CODE END
   61         
   62         
   63         //****************************************************************************
   64         // @Imported Global Variables
   65         //****************************************************************************
   66         
   67         // USER CODE BEGIN (GPT2_General,6)
   68         
   69         // USER CODE END
   70         
   71         
   72         //****************************************************************************
   73         // @Global Variables
   74         //****************************************************************************
   75         
   76         // USER CODE BEGIN (GPT2_General,7)
   77         
   78         // USER CODE END
   79         
   80         
   81         //****************************************************************************
   82         // @External Prototypes
   83         //****************************************************************************
   84         
   85         // USER CODE BEGIN (GPT2_General,8)
   86         
   87         // USER CODE END
   88         
   89         
   90         
   91         //****************************************************************************
   92         // @Prototypes Of Local Functions
   93         //****************************************************************************
   94         
   95         // USER CODE BEGIN (GPT2_General,9)
   96         
   97         // USER CODE END
   98         
   99         
  100         //****************************************************************************
  101         // @Function      void GPT2_vInit(void) 
  102         //
  103         //----------------------------------------------------------------------------
  104         // @Description   This is the initialization function of the GPT2 function 
  105         //                library. It is assumed that the SFRs used by this library 
  106         //                are in reset state. 
  107         //
  108         //----------------------------------------------------------------------------
  109         // @Returnvalue   None
  110         //
  111         //----------------------------------------------------------------------------
  112         // @Parameters    None
  113         //
  114         //----------------------------------------------------------------------------
  115         // @Date          2019/8/7
  116         //
C166 COMPILER V7.57.0, GPT2                                                                08/19/2019 16:33:28 PAGE 3   

  117         //****************************************************************************
  118         
  119         // USER CODE BEGIN (Init,1)
  120         
  121         // USER CODE END
  122         
  123         void GPT2_vInit(void)
  124         {
  125  1      
  126  1        // USER CODE BEGIN (Init,2)
  127  1      
  128  1        // USER CODE END
  129  1        ///  -----------------------------------------------------------------------
  130  1        ///  Configuration of Timer Block Prescaler 1:
  131  1        ///  -----------------------------------------------------------------------
  132  1        GPT12E_KSCCFG  =  0x0003;      // Module Enable
  133  1      
  134  1      
  135  1        _nop_();  // one cycle delay 
  136  1      
  137  1        _nop_();  // one cycle delay 
  138  1      
  139  1      
  140  1        ///  -----------------------------------------------------------------------
  141  1        ///  Configuration of Timer Block Prescaler 2:
  142  1        ///  -----------------------------------------------------------------------
  143  1        ///  - prescaler for timer block 2 is 4
  144  1      
  145  1      
  146  1        ///  -----------------------------------------------------------------------
  147  1        ///  Configuration of the GPT2 Core Timer 5:
  148  1        ///  -----------------------------------------------------------------------
  149  1        ///  - timer 5 works in timer mode
  150  1        ///  - prescaler factor is 4
  151  1        ///  - up/down control bit is reset
  152  1        ///  - external up/down control is disabled
  153  1        ///  - timer 5 run bit is reset
  154  1        ///  - timer 5 remote control is disabled
  155  1      
  156  1        GPT12E_T5CON   =  0x0000;      // load timer 5 control register
  157  1        GPT12E_T5      =  0x0000;      // load timer 5 register
  158  1      
  159  1        ///  -----------------------------------------------------------------------
  160  1        ///  Configuration of the GPT2 Core Timer 6:
  161  1        ///  -----------------------------------------------------------------------
  162  1        ///  - timer 6 works in timer mode
  163  1        ///  - prescaler factor is 4
  164  1        ///  - up/down control bit is reset
  165  1        ///  - external up/down control is disabled
  166  1        ///  - alternate output function T6OUT (P6.2) is disabled
  167  1        ///  - alternate output function T6OUT (P7.0) is disabled
  168  1        ///  - timer 6 output toggle latch (T6OTL) is set to 0
  169  1        ///  - timer 6 run bit is reset
  170  1        ///  - timer 6 is not cleared on a capture
  171  1      
  172  1        GPT12E_T6CON   =  0x0000;      // load timer 6 control register
  173  1        GPT12E_T6      =  0x0000;      // load timer 6 register
  174  1      
  175  1        ///  -----------------------------------------------------------------------
  176  1        ///  Configuration of the GPT2 CAPREL:
  177  1        ///  -----------------------------------------------------------------------
  178  1        ///  - capture T5 into CAPREL is disabled
C166 COMPILER V7.57.0, GPT2                                                                08/19/2019 16:33:28 PAGE 4   

  179  1        ///  - capture trigger from pin CAPIN
  180  1        ///  - capure is disabled
  181  1        ///  - timer 5 is not cleared on a capture
  182  1        ///  - timer 5 is just captured without any correction
  183  1      
  184  1        GPT12E_T5CON  |=  0x0000;      // load timer 5 control register
  185  1        GPT12E_CAPREL  =  0x0000;      // load CAPREL register
  186  1      
  187  1        ///  -----------------------------------------------------------------------
  188  1        ///  Configuration of the used GPT2 Port Pins:
  189  1        ///  -----------------------------------------------------------------------
  190  1      
  191  1      
  192  1      
  193  1        ///  -----------------------------------------------------------------------
  194  1        ///  Configuration of the used GPT2 Interrupts:
  195  1        ///  -----------------------------------------------------------------------
  196  1      
  197  1      
  198  1        // USER CODE BEGIN (GPT2_Function,3)
  199  1      
  200  1        // USER CODE END
  201  1      
  202  1      } //  End of function GPT2_viCAPREL
  203         
  204         
  205         
  206         // USER CODE BEGIN (GPT2_General,10)
  207         
  208         // USER CODE END
  209         
*** WARNING C174 IN LINE 381 OF GPT2.c: 'Scs_EnableHighPrecOsc': unreferenced 'static' function


MODULE INFORMATION:   INITIALIZED  UNINITIALIZED
  CODE SIZE        =          34     --------
  NEAR-CONST SIZE  =    --------     --------
  FAR-CONST SIZE   =    --------     --------
  HUGE-CONST SIZE  =    --------     --------
  XHUGE-CONST SIZE =    --------     --------
  NEAR-DATA SIZE   =    --------     --------
  FAR-DATA SIZE    =    --------     --------
  XHUGE-DATA SIZE  =    --------     --------
  IDATA-DATA SIZE  =    --------     --------
  SDATA-DATA SIZE  =    --------     --------
  BDATA-DATA SIZE  =    --------     --------
  HUGE-DATA SIZE   =    --------     --------
  BIT SIZE         =    --------     --------
  INIT'L SIZE      =    --------     --------
END OF MODULE INFORMATION.


C166 COMPILATION COMPLETE.  1 WARNING(S),  0 ERROR(S)
